// Jest Snapshot v1, https://goo.gl/fbAQLP

exports[`renders correctly when error passed 1`] = `undefined`;

exports[`renders correctly with no data passed 1`] = `undefined`;

exports[`renders correctly with open PRs passed 1`] = `undefined`;
